// Jest Snapshot v1, https://goo.gl/fbAQLP

exports[`<Hero /> Should render and match the snapshot 1`] = `
<div
  class="Hero__StyledJumbotron-sc-1ele3ck-0 hhupmH hero jumbotron"
>
  <div
    class="h-100 container"
  >
    <div
      class="row"
    >
      <div
        class="pb-3 my-auto col-6"
      >
        <h1
          class="Title-sc-3abvrr-0 Hero__HeroTitle-sc-1ele3ck-1 bqYlOi mb-0 font-weight-bold display-1 mb-0 font-weight-bold"
          color="#fefefe"
          size="1"
        >
          HI THERE
        </h1>
      </div>
    </div>
    <div
      class="row"
    >
      <div
        class="py-3 col-3"
      >
        <button
          class="btn btn-outline-light btn-lg"
          type="button"
        />
      </div>
    </div>
  </div>
</div>
`;
