// Jest Snapshot v1, https://goo.gl/fbAQLP

exports[`<Header /> Should render and match the snapshot 1`] = `
<div
  class="container-fluid"
>
  <div
    class="pt-2 px-3 header--container row"
  >
    <div
      class="d-flex justify-content-start align-items-center ml-3 col"
    >
      <a
        class="A-ml9y9l-0 Navigation__StyledUnderlineLink-sc-11o2ur6-2 nbXcW navlink p my-0 active nav-link"
        color="hsl(345.70000000000005, 100%, 77.3%)"
        href="/"
      >
        Shop CCK
      </a>
    </div>
    <div
      class="d-flex justify-content-center align-items-center col-xl-2 col-3"
    >
      <img
        class="img-fluid"
        src="IMAGE_MOCK"
      />
    </div>
    <div
      class="d-flex justify-content-end align-items-center col"
    >
      <div
        class="border-0  list-group list-group-horizontal"
      >
        <div
          class="IconGroup__BorderlessItem-sc-1br5l8c-0 jUFpId list-group-item"
        >
          <div
            class="IconButton__IconContainer-pjjsvs-0 bKDZXR"
          >
            <div
              class="Anicon__HoverContainer-sc-119yqeq-0 iityHb anicon-container"
            >
              <div
                style="width: 30px; height: 100%; transform: rotate(90deg); cursor: pointer;"
              />
            </div>
          </div>
        </div>
        <div
          class="IconGroup__BorderlessItem-sc-1br5l8c-0 jUFpId list-group-item"
        >
          <div
            class="IconButton__IconContainer-pjjsvs-0 bKDZXR"
          >
            <div
              class="Anicon__HoverContainer-sc-119yqeq-0 iityHb anicon-container"
            >
              <div
                style="width: 30px; height: 100%; transform: rotate(0deg); cursor: pointer;"
              />
            </div>
          </div>
        </div>
      </div>
    </div>
  </div>
  <div
    class="row"
  >
    <div
      class="col"
    >
      <nav
        class="Navigation__StyledNavbar-sc-11o2ur6-0 hoaiWk justify-content-center navbar navbar-expand-lg navbar-light"
      >
        <button
          aria-controls="responsive-navbar-nav"
          aria-label="Toggle navigation"
          class="navbar-toggler collapsed"
          type="button"
        >
          <span
            class="navbar-toggler-icon"
          />
        </button>
        <div
          class="navbar-btn-container justify-content-center navbar-collapse collapse"
          id="responsive-navbar-nav"
        >
          <div
            class="justify-content-center navbar-nav"
          >
            <a
              class="A-ml9y9l-0 Navigation__StyledLink-sc-11o2ur6-1 fUswUo navlink p my-0 nav-link"
              color="hsl(345.70000000000005, 100%, 77.3%)"
              data-rb-event-key="new"
              href="new"
            >
              new
            </a>
            <a
              class="A-ml9y9l-0 Navigation__StyledLink-sc-11o2ur6-1 fUswUo navlink p my-0 nav-link"
              color="hsl(345.70000000000005, 100%, 77.3%)"
              data-rb-event-key="boys"
              href="boys"
            >
              boys
            </a>
            <a
              class="A-ml9y9l-0 Navigation__StyledLink-sc-11o2ur6-1 fUswUo navlink p my-0 nav-link"
              color="hsl(345.70000000000005, 100%, 77.3%)"
              data-rb-event-key="girls"
              href="girls"
            >
              girls
            </a>
            <a
              class="A-ml9y9l-0 Navigation__StyledLink-sc-11o2ur6-1 fUswUo navlink p my-0 nav-link"
              color="hsl(345.70000000000005, 100%, 77.3%)"
              data-rb-event-key="baby"
              href="baby"
            >
              baby
            </a>
            <a
              class="A-ml9y9l-0 Navigation__StyledLink-sc-11o2ur6-1 fUswUo navlink p my-0 nav-link"
              color="hsl(345.70000000000005, 100%, 77.3%)"
              data-rb-event-key="collections"
              href="collections"
            >
              collections
            </a>
            <a
              class="A-ml9y9l-0 Navigation__StyledLink-sc-11o2ur6-1 fUswUo navlink p my-0 nav-link"
              color="hsl(345.70000000000005, 100%, 77.3%)"
              data-rb-event-key="about"
              href="about"
            >
              about
            </a>
          </div>
        </div>
      </nav>
    </div>
  </div>
</div>
`;
