// Jest Snapshot v1, https://goo.gl/fbAQLP

exports[`<Banner /> Should render and match the snapshot 1`] = `
<div
  class="Banner__BannerContainer-sc-1in81vp-0 kFnzoz container-fluid"
>
  <div
    class="banner-wrapper py-1 row"
  >
    <div
      class="col"
    >
      <div
        class="banner-text text-center"
      >
        <h3>
          Banner Content
        </h3>
      </div>
    </div>
  </div>
</div>
`;
