// Jest Snapshot v1, https://goo.gl/fbAQLP

exports[`<Navigation /> Should render and match the snapshot 1`] = `
<nav
  class="Navigation__StyledNavbar-sc-11o2ur6-0 hoaiWk justify-content-center navbar navbar-expand-lg navbar-light"
>
  <button
    aria-controls="responsive-navbar-nav"
    aria-label="Toggle navigation"
    class="navbar-toggler collapsed"
    type="button"
  >
    <span
      class="navbar-toggler-icon"
    />
  </button>
  <div
    class="navbar-btn-container justify-content-center navbar-collapse collapse"
    id="responsive-navbar-nav"
  >
    <div
      class="justify-content-center navbar-nav"
    >
      <a
        class="A-ml9y9l-0 Navigation__StyledLink-sc-11o2ur6-1 fUswUo navlink p my-0 nav-link"
        color="hsl(345.70000000000005, 100%, 77.3%)"
        data-rb-event-key="new"
        href="new"
      >
        new
      </a>
      <a
        class="A-ml9y9l-0 Navigation__StyledLink-sc-11o2ur6-1 fUswUo navlink p my-0 nav-link"
        color="hsl(345.70000000000005, 100%, 77.3%)"
        data-rb-event-key="boys"
        href="boys"
      >
        boys
      </a>
      <a
        class="A-ml9y9l-0 Navigation__StyledLink-sc-11o2ur6-1 fUswUo navlink p my-0 nav-link"
        color="hsl(345.70000000000005, 100%, 77.3%)"
        data-rb-event-key="girls"
        href="girls"
      >
        girls
      </a>
      <a
        class="A-ml9y9l-0 Navigation__StyledLink-sc-11o2ur6-1 fUswUo navlink p my-0 nav-link"
        color="hsl(345.70000000000005, 100%, 77.3%)"
        data-rb-event-key="baby"
        href="baby"
      >
        baby
      </a>
      <a
        class="A-ml9y9l-0 Navigation__StyledLink-sc-11o2ur6-1 fUswUo navlink p my-0 nav-link"
        color="hsl(345.70000000000005, 100%, 77.3%)"
        data-rb-event-key="collections"
        href="collections"
      >
        collections
      </a>
      <a
        class="A-ml9y9l-0 Navigation__StyledLink-sc-11o2ur6-1 fUswUo navlink p my-0 nav-link"
        color="hsl(345.70000000000005, 100%, 77.3%)"
        data-rb-event-key="about"
        href="about"
      >
        about
      </a>
    </div>
  </div>
</nav>
`;
