// Jest Snapshot v1, https://goo.gl/fbAQLP

exports[`<App /> should render and match the snapshot 1`] = `
<React.Fragment>
  <HomeLayout
    bannerOptions={
      Object {
        "text": "free shipping on orders over $100!",
      }
    }
  >
    <Switch>
      <Route
        component={[Function]}
        exact={true}
        path="/"
      />
      <Route
        component={[Function]}
      />
    </Switch>
  </HomeLayout>
  <GlobalStyleComponent />
</React.Fragment>
`;
