// Jest Snapshot v1, https://goo.gl/fbAQLP

exports[`<HomeLayout /> Should render and match the snapshot 1`] = `
<section
  class="homepage--wrapper"
>
  <div
    class="Banner__BannerContainer-sc-1in81vp-0 kFnzoz container-fluid"
  >
    <div
      class="banner-wrapper py-1 row"
    >
      <div
        class="col"
      >
        <div
          class="banner-text text-center"
        >
          <p
            class="Text__StyledText-sc-1foatad-0 ckNvnb  text-body m-0 p-1"
          >
            banner content
          </p>
        </div>
      </div>
    </div>
  </div>
  <div
    class="container"
  >
    <div
      class="row"
    >
      <div
        class="d-flex justify-content-start px-3 py-2 col"
      >
        <div
          class="border-0  list-group list-group-horizontal"
        >
          <div
            class="IconGroup__BorderlessItem-sc-1br5l8c-0 gWwTrs list-group-item"
          >
            <div
              class="IconButton__IconContainer-pjjsvs-0 bKDZXR"
            >
              <div>
                <div>
                  <div
                    data-src="https://static.charliecarsonkids.com/assets/icons/facebook-100.svg"
                    src=""
                  />
                </div>
              </div>
            </div>
          </div>
          <div
            class="IconGroup__BorderlessItem-sc-1br5l8c-0 gWwTrs list-group-item"
          >
            <div
              class="IconButton__IconContainer-pjjsvs-0 bKDZXR"
            >
              <div>
                <div>
                  <div
                    data-src="https://static.charliecarsonkids.com/assets/icons/instagram-100.svg"
                    src=""
                  />
                </div>
              </div>
            </div>
          </div>
          <div
            class="IconGroup__BorderlessItem-sc-1br5l8c-0 gWwTrs list-group-item"
          >
            <div
              class="IconButton__IconContainer-pjjsvs-0 bKDZXR"
            >
              <div>
                <div>
                  <div
                    data-src="https://static.charliecarsonkids.com/assets/icons/mail-100.svg"
                    src=""
                  />
                </div>
              </div>
            </div>
          </div>
        </div>
      </div>
      <div
        class="d-flex justify-content-end px-3 py-2 col"
      >
        <div
          class="border-0  list-group list-group-horizontal"
        >
          <div
            class="IconGroup__BorderlessItem-sc-1br5l8c-0 gWwTrs list-group-item"
          >
            <div
              class="IconButton__IconContainer-pjjsvs-0 bKDZXR"
            >
              <div
                class="Anicon__HoverContainer-sc-119yqeq-0 iityHb anicon-container"
              >
                <div
                  style="width: 40px; height: 100%; transform: rotate(90deg); cursor: pointer;"
                />
              </div>
            </div>
          </div>
          <div
            class="IconGroup__BorderlessItem-sc-1br5l8c-0 gWwTrs list-group-item"
          >
            <div
              class="IconButton__IconContainer-pjjsvs-0 bKDZXR"
            >
              <div
                class="Anicon__HoverContainer-sc-119yqeq-0 iityHb anicon-container"
              >
                <div
                  style="width: 40px; height: 100%; transform: rotate(0deg); cursor: pointer;"
                />
              </div>
            </div>
          </div>
        </div>
      </div>
    </div>
    <div
      class="justify-content-md-center row"
    >
      <div
        class="d-flex justify-content-center py-3 col-md-auto"
      >
        <div
          class="w-50"
        >
          <img
            class="img-fluid"
            src="IMAGE_MOCK"
          />
        </div>
      </div>
    </div>
    <div
      class="row"
    >
      <div
        class="col"
      >
        <nav
          class="Navigation__StyledNavbar-sc-11o2ur6-0 bXviVH navbar navbar-expand-lg navbar-light"
        >
          <button
            aria-controls="responsive-navbar-nav"
            aria-label="Toggle navigation"
            class="navbar-toggler collapsed"
            type="button"
          >
            <span
              class="navbar-toggler-icon"
            />
          </button>
          <div
            class="navbar-collapse collapse"
            id="responsive-navbar-nav"
          >
            <div
              class="m-auto justify-content-around navbar-nav"
            >
              <a
                class="A-ml9y9l-0 Navigation__StyledLink-sc-11o2ur6-1 ftkcJU navlink nav-link"
                color="hsl(345.70000000000005, 100%, 77.3%)"
                data-rb-event-key="new"
                href="new"
              >
                new
              </a>
              <a
                class="A-ml9y9l-0 Navigation__StyledLink-sc-11o2ur6-1 ftkcJU navlink nav-link"
                color="hsl(345.70000000000005, 100%, 77.3%)"
                data-rb-event-key="boys"
                href="boys"
              >
                boys
              </a>
              <a
                class="A-ml9y9l-0 Navigation__StyledLink-sc-11o2ur6-1 ftkcJU navlink nav-link"
                color="hsl(345.70000000000005, 100%, 77.3%)"
                data-rb-event-key="girls"
                href="girls"
              >
                girls
              </a>
              <a
                class="A-ml9y9l-0 Navigation__StyledLink-sc-11o2ur6-1 ftkcJU navlink nav-link"
                color="hsl(345.70000000000005, 100%, 77.3%)"
                data-rb-event-key="baby"
                href="baby"
              >
                baby
              </a>
              <a
                class="A-ml9y9l-0 Navigation__StyledLink-sc-11o2ur6-1 ftkcJU navlink nav-link"
                color="hsl(345.70000000000005, 100%, 77.3%)"
                data-rb-event-key="collections"
                href="collections"
              >
                collections
              </a>
              <a
                class="A-ml9y9l-0 Navigation__StyledLink-sc-11o2ur6-1 ftkcJU navlink nav-link"
                color="hsl(345.70000000000005, 100%, 77.3%)"
                data-rb-event-key="about"
                href="about"
              >
                about
              </a>
            </div>
          </div>
        </nav>
      </div>
    </div>
  </div>
  <div
    class="Hero__StyledJumbotron-sc-1ele3ck-0 jWpdIJ hero jumbotron jumbotron-fluid"
  >
    <div
      class="h-100 container"
    >
      <div
        class="h-100 row"
      >
        <div
          class="pb-3 my-auto col-6"
        >
          <h1
            class="Title-sc-3abvrr-0 Hero__HeroTitle-sc-1ele3ck-1 bVtUDZ mb-0 font-weight-bold display-1 mb-0 font-weight-bold"
            color="#fefefe"
            size="1"
          >
            HERO TITLE
          </h1>
        </div>
      </div>
      <div
        class="row"
      >
        <div
          class="py-3 col-3"
        >
          <button
            class="btn btn-outline-light btn-lg"
            type="button"
          >
            Click Me
          </button>
        </div>
      </div>
    </div>
  </div>
  <section
    class="homepage--content"
  />
  <div
    class="Footer__FooterContainer-sc-1bec9jn-0 cWQZCZ p-3 container-fluid"
  >
    <div
      class="row"
    >
      <div
        class="col-4"
      >
        <div
          class="bg-none container-fluid"
        >
          <div
            class="flex-column justify-content-center align-content-center align-items-center row"
          >
            <div
              class="p-3 col-md-7 col-9"
            >
              <p
                class="Text__StyledText-sc-1foatad-0 ckNvnb h3 text-dark text-justify text-center mb-3 font-weight-bold"
              >
                Subscribe to our Newsletter
              </p>
              <p
                class="Text__StyledText-sc-1foatad-0 ckNvnb  text-dark text-center m-0"
              >
                Don't miss out on any deals and stay up to date with the latest trends.
              </p>
            </div>
            <div
              class="col-9"
            >
              <div
                class="p-3"
              >
                <div
                  class="input-group"
                >
                  <input
                    class="form-control"
                    placeholder="Your Email"
                    type="email"
                  />
                  <div
                    class="input-group-append"
                  >
                    <button
                      class="btn btn-outline-dark"
                      type="button"
                    >
                      Submit
                    </button>
                  </div>
                </div>
              </div>
            </div>
          </div>
        </div>
      </div>
      <div
        class="col"
      />
    </div>
  </div>
</section>
`;
