// Jest Snapshot v1, https://goo.gl/fbAQLP

exports[`<HomeLayout /> Should render and match the snapshot 1`] = `
<section
  class="homepage--wrapper"
>
  <div
    class="container-fluid"
  >
    <div
      class="pt-2 px-3 header--container row"
    >
      <div
        class="d-flex justify-content-start align-items-center ml-3 col"
      >
        <div
          class="border-0  list-group list-group-horizontal"
        >
          <div
            class="IconGroup__BorderlessItem-sc-1br5l8c-0 jUFpId list-group-item"
          >
            <div
              class="styles__Wrapper-kccwaf-0 cmenth"
            >
              <div>
                <div>
                  <div
                    data-src="https://static.charliecarsonkids.com/assets/icons/facebook-100.svg"
                    src=""
                  />
                </div>
              </div>
            </div>
          </div>
          <div
            class="IconGroup__BorderlessItem-sc-1br5l8c-0 jUFpId list-group-item"
          >
            <div
              class="styles__Wrapper-kccwaf-0 cmenth"
            >
              <div>
                <div>
                  <div
                    data-src="https://static.charliecarsonkids.com/assets/icons/instagram-100.svg"
                    src=""
                  />
                </div>
              </div>
            </div>
          </div>
          <div
            class="IconGroup__BorderlessItem-sc-1br5l8c-0 jUFpId list-group-item"
          >
            <div
              class="styles__Wrapper-kccwaf-0 cmenth"
            >
              <div>
                <div>
                  <div
                    data-src="https://static.charliecarsonkids.com/assets/icons/mail-100.svg"
                    src=""
                  />
                </div>
              </div>
            </div>
          </div>
        </div>
      </div>
      <div
        class="d-flex justify-content-center align-items-center col-xl-2 col-3"
      >
        <img
          class="img-fluid"
          src="IMAGE_MOCK"
        />
      </div>
      <div
        class="d-flex justify-content-end align-items-center col"
      >
        <div
          class="border-0  list-group list-group-horizontal"
        >
          <div
            class="IconGroup__BorderlessItem-sc-1br5l8c-0 jUFpId list-group-item"
          >
            <div
              class="styles__Wrapper-kccwaf-0 cmenth"
            >
              <div>
                <div>
                  <div
                    data-src="https://static.charliecarsonkids.com/assets/icons/user-32.svg"
                    src=""
                  />
                </div>
              </div>
            </div>
          </div>
          <div
            class="IconGroup__BorderlessItem-sc-1br5l8c-0 jUFpId list-group-item"
          >
            <div
              class="styles__Wrapper-kccwaf-0 cmenth"
            >
              <div
                class="Anicon__HoverContainer-sc-119yqeq-0 iityHb anicon-container"
              >
                <div
                  style="width: 30px; height: 100%; transform: rotate(90deg); cursor: pointer;"
                />
              </div>
            </div>
          </div>
          <div
            class="IconGroup__BorderlessItem-sc-1br5l8c-0 jUFpId list-group-item"
          >
            <div
              class="styles__Wrapper-kccwaf-0 cmenth"
            >
              <div
                class="Anicon__HoverContainer-sc-119yqeq-0 iityHb anicon-container"
              >
                <div
                  style="width: 30px; height: 100%; transform: rotate(0deg); cursor: pointer;"
                />
              </div>
            </div>
          </div>
        </div>
      </div>
    </div>
    <div
      class="styles__NavRow-sc-1hbnaio-0 EGcgC mb-3 row"
    >
      <div
        class="col"
      >
        <nav
          class="Navigation__StyledNavbar-sc-11o2ur6-0 iFbzFd justify-content-center navbar navbar-expand-lg navbar-light"
        >
          <button
            aria-controls="responsive-navbar-nav"
            aria-label="Toggle navigation"
            class="navbar-toggler collapsed"
            type="button"
          >
            <span
              class="navbar-toggler-icon"
            />
          </button>
          <div
            class="navbar-btn-container justify-content-center navbar-collapse collapse"
            id="responsive-navbar-nav"
          >
            <div
              class="justify-content-center py-2 navbar-nav"
            >
              <a
                class="A-ml9y9l-0 Navigation__StyledLink-sc-11o2ur6-1 giKWDV navlink py-0 my-0 nav-link"
                color="hsl(8.699999999999989, 81.6%, 72.3%)"
                data-rb-event-key="new"
                href="new"
              >
                new
              </a>
              <a
                class="A-ml9y9l-0 Navigation__StyledLink-sc-11o2ur6-1 giKWDV navlink py-0 my-0 nav-link"
                color="hsl(8.699999999999989, 81.6%, 72.3%)"
                data-rb-event-key="clothing"
                href="clothing"
              >
                clothing
              </a>
              <a
                class="A-ml9y9l-0 Navigation__StyledLink-sc-11o2ur6-1 giKWDV navlink py-0 my-0 nav-link"
                color="hsl(8.699999999999989, 81.6%, 72.3%)"
                data-rb-event-key="accessories"
                href="accessories"
              >
                accessories
              </a>
              <a
                class="A-ml9y9l-0 Navigation__StyledLink-sc-11o2ur6-1 giKWDV navlink py-0 my-0 nav-link"
                color="hsl(8.699999999999989, 81.6%, 72.3%)"
                data-rb-event-key="gifts"
                href="gifts"
              >
                gifts
              </a>
              <a
                class="A-ml9y9l-0 Navigation__StyledLink-sc-11o2ur6-1 giKWDV navlink py-0 my-0 nav-link"
                color="hsl(8.699999999999989, 81.6%, 72.3%)"
                data-rb-event-key="desk"
                href="desk"
              >
                desk
              </a>
              <a
                class="A-ml9y9l-0 Navigation__StyledLink-sc-11o2ur6-1 giKWDV navlink py-0 my-0 nav-link"
                color="hsl(8.699999999999989, 81.6%, 72.3%)"
                data-rb-event-key="sale"
                href="sale"
              >
                sale
              </a>
            </div>
          </div>
        </nav>
      </div>
    </div>
  </div>
  <section
    class="homepage--content"
  />
  <div
    class="Footer__FooterContainer-sc-1bec9jn-0 Tgoql p-3 container-fluid"
  >
    <div
      class="row"
    >
      <div
        class="col-4"
      >
        <div
          class="bg-none container-fluid"
        >
          <div
            class="flex-column justify-content-center align-content-center align-items-center row"
          >
            <div
              class="p-3 col-md-7 col-9"
            >
              <p
                class="Text__StyledText-sc-1foatad-0 kERWLt h3 text-dark text-justify text-center mb-3 font-weight-bold"
              >
                Subscribe to our Newsletter
              </p>
              <p
                class="Text__StyledText-sc-1foatad-0 kERWLt  text-dark text-center m-0"
              >
                Don't miss out on any deals and stay up to date with the latest trends.
              </p>
            </div>
            <div
              class="col-9"
            >
              <div
                class="p-3"
              >
                <div
                  class="input-group"
                >
                  <input
                    class="form-control"
                    placeholder="Your Email"
                    type="email"
                  />
                  <div
                    class="input-group-append"
                  >
                    <button
                      class="btn btn-outline-dark"
                      type="button"
                    >
                      Submit
                    </button>
                  </div>
                </div>
              </div>
            </div>
          </div>
        </div>
      </div>
      <div
        class="col"
      />
    </div>
  </div>
</section>
`;
